10.736217.1359617.5557722.2484318.7197516.8297916.9815918.0662118.3794719.7300817.0903616.3599221.028828.8004893.04597318.4440920.6867320.803720.6591618.4218518.0624145.3248649.488611.6445471.68495721.7278710.9252713.42966